// Jest Snapshot v1, https://goo.gl/fbAQLP

exports[`Index component renders correctly 1`] = `
<div>
  <h1>
    Hello World ! (Home)
  </h1>
  <a
    href="/about"
  >
    Ir para About
  </a>
</div>
`;
