// Jest Snapshot v1, https://goo.gl/fbAQLP

exports[`given: MenuList when: is center 1`] = `
.c0 {
  width: 100%;
}

.c1 {
  text-align: center;
  font-size: 1rem;
  line-height: 1.5rem;
  font-weight: 400;
  margin: 0;
  padding: 0;
  font-family: 'Open Sans',serif;
  font-weight: 600;
  text-transform: uppercase;
  cursor: pointer;
  padding: 8px;
  color: #E8E6F0;
}

.c1:hover {
  color: #F2F0F7;
}

<ul
  className="c0"
>
  <li
    className="c1"
    onClick={[MockFunction]}
  >
    Option 0
  </li>
  <li
    className="c1"
    onClick={[MockFunction]}
  >
    Option 1
  </li>
  <li
    className="c1"
    onClick={[MockFunction]}
  >
    Option 2
  </li>
  <li
    className="c1"
    onClick={[MockFunction]}
  >
    Option 3
  </li>
  <li
    className="c1"
    onClick={[MockFunction]}
  >
    Option 4
  </li>
</ul>
`;
